
> build
> turbo run build

• turbo 2.9.6

   • Packages in scope: @repo/eslint-config, @repo/typescript-config, @repo/ui, docs, web
   • Running build in 5 packages
   • Remote caching disabled

web:build: cache miss, executing 4b4468eb8c37578a
docs:build: cache hit, replaying logs baabeba84f64a554
docs:build: 
docs:build: > docs@0.1.0 build
docs:build: > next build
docs:build: 
docs:build: ▲ Next.js 16.2.0 (Turbopack)
docs:build: 
docs:build:   Creating an optimized production build ...
docs:build: ✓ Compiled successfully in 13.8s
docs:build:   Running TypeScript ...
docs:build:   Finished TypeScript in 19.1s ...
docs:build:   Collecting page data using 5 workers ...
docs:build:   Generating static pages using 5 workers (0/4) ...
docs:build:   Generating static pages using 5 workers (1/4) 
docs:build:   Generating static pages using 5 workers (2/4) 
docs:build:   Generating static pages using 5 workers (3/4) 
docs:build: ✓ Generating static pages using 5 workers (4/4) in 3.0s
docs:build:   Finalizing page optimization ...
docs:build: 
docs:build: Route (app)
docs:build: ┌ ○ /
docs:build: └ ○ /_not-found
docs:build: 
docs:build: 
docs:build: ○  (Static)  prerendered as static content
docs:build: 
web:build: 
web:build: > web@0.1.0 build
web:build: > next build
web:build: 
web:build: ▲ Next.js 16.2.0 (Turbopack)
web:build: - Environments: .env.local
web:build: 
web:build: ⚠ The "middleware" file convention is deprecated. Please use "proxy" instead. Learn more: https://nextjs.org/docs/messages/middleware-to-proxy
web:build:   Creating an optimized production build ...
Terminate batch job (Y/N)? 